[36mvite v6.4.2 [32mbuilding for production...[36m[39m
(node:7460) [DEP0205] DeprecationWarning: `module.register()` is deprecated. Use `module.registerHooks()` instead.
(Use `node --trace-deprecation ...` to show where the warning was created)
transforming...
[32m✓[39m 2074 modules transformed.
rendering chunks...
computing gzip size...
[2mdist/[22m[32mindex.html                 [39m[1m[2m  0.56 kB[22m[1m[22m[2m │ gzip:   0.32 kB[22m
[2mdist/[22m[32madmin.html                 [39m[1m[2m  0.57 kB[22m[1m[22m[2m │ gzip:   0.34 kB[22m
[2mdist/[22m[35massets/index-CUiPnDsA.css  [39m[1m[2m 48.75 kB[22m[1m[22m[2m │ gzip:   8.52 kB[22m
[2mdist/[22m[36massets/admin-v7tvEWjb.js   [39m[1m[2m 15.47 kB[22m[1m[22m[2m │ gzip:   4.31 kB[22m
[2mdist/[22m[36massets/main-DHOifdIn.js    [39m[1m[2m 45.03 kB[22m[1m[22m[2m │ gzip:  11.85 kB[22m
[2mdist/[22m[36massets/index-C2AcrF_2.js   [39m[1m[2m355.82 kB[22m[1m[22m[2m │ gzip: 113.28 kB[22m
[32m✓ built in 22.02s[39m
